// Jest Snapshot v1, https://goo.gl/fbAQLP

exports[`<AccountNumber /> should render correctly when passed a valid account number value 1`] = `
<span>
  1122 334 4556 6
</span>
`;
